// Jest Snapshot v1, https://goo.gl/fbAQLP

exports[`GifGridItems test suite should show GifGridItems component properly 1`] = `
<div
  className="card animate__animated animate__fadeIn"
>
  <img />
  <p />
</div>
`;
